 
****************************************
Report : timing
        -path full
        -delay max
        -max_paths 1
Design : Multiplier_top_p
Version: O-2018.06-SP1
Date   : Tue Dec  3 19:52:28 2024
****************************************

Operating Conditions: typical   Library: typical
Wire Load Model Mode: top

  Startpoint: Multiplier[7]
              (input port clocked by clk)
  Endpoint: PP4_r_reg[25]
            (rising edge-triggered flip-flop clocked by clk)
  Path Group: clk
  Path Type: max

  Des/Clust/Port     Wire Load Model       Library
  ------------------------------------------------
  Multiplier_top_p   smic18_wl10           typical

  Point                                                   Incr       Path
  --------------------------------------------------------------------------
  clock clk (rise edge)                                 0.0000     0.0000
  clock network delay (ideal)                           0.0000     0.0000
  input external delay                                  2.0000     2.0000 f
  Multiplier[7] (in)                                    0.0000     2.0000 f
  u_PP_top/Multiplier[7] (PP_top)                       0.0000     2.0000 f
  u_PP_top/U18/Y (BUFX3)                                0.0939     2.0939 f
  u_PP_top/U31/Y (BUFX2)                                0.1268     2.2207 f
  u_PP_top/gen_PP_tmp[4].U_BoothEndecode/MultiplierBits[0] (BoothEndecode_mydesign_3)
                                                        0.0000     2.2207 f
  u_PP_top/gen_PP_tmp[4].U_BoothEndecode/U8/Y (BUFX2)   0.1351     2.3558 f
  u_PP_top/gen_PP_tmp[4].U_BoothEndecode/U11/Y (OAI21X1)
                                                        0.2550     2.6108 r
  u_PP_top/gen_PP_tmp[4].U_BoothEndecode/U10/Y (NOR2X1)
                                                        0.1677     2.7785 f
  u_PP_top/gen_PP_tmp[4].U_BoothEndecode/NEG1 (BoothEndecode_mydesign_3)
                                                        0.0000     2.7785 f
  u_PP_top/gen_PP_tmp[4].u_PPUint/NEG1 (PPUnit_mydesign_3)
                                                        0.0000     2.7785 f
  u_PP_top/gen_PP_tmp[4].u_PPUint/U62/Y (OAI21X1)       0.2597     3.0382 r
  u_PP_top/gen_PP_tmp[4].u_PPUint/U60/Y (BUFX2)         0.1542     3.1924 r
  u_PP_top/gen_PP_tmp[4].u_PPUint/U31/Y (BUFX2)         0.1355     3.3279 r
  u_PP_top/gen_PP_tmp[4].u_PPUint/U55/Y (INVX1)         0.1029     3.4308 f
  u_PP_top/gen_PP_tmp[4].u_PPUint/U121/Y (NAND2XL)      0.2156     3.6464 r
  u_PP_top/gen_PP_tmp[4].u_PPUint/U122/Y (INVXL)        0.1594     3.8058 f
  u_PP_top/gen_PP_tmp[4].u_PPUint/u_Inverse17/in[0] (Inverse17_mydesign_3)
                                                        0.0000     3.8058 f
  u_PP_top/gen_PP_tmp[4].u_PPUint/u_Inverse17/U1/Y (BUFX1)
                                                        0.2127     4.0185 f
  u_PP_top/gen_PP_tmp[4].u_PPUint/u_Inverse17/U17/Y (NOR2X2)
                                                        0.1414     4.1599 r
  u_PP_top/gen_PP_tmp[4].u_PPUint/u_Inverse17/U28/Y (INVXL)
                                                        0.1424     4.3023 f
  u_PP_top/gen_PP_tmp[4].u_PPUint/u_Inverse17/U29/Y (NOR2X1)
                                                        0.2356     4.5379 r
  u_PP_top/gen_PP_tmp[4].u_PPUint/u_Inverse17/U6/Y (INVX1)
                                                        0.1405     4.6784 f
  u_PP_top/gen_PP_tmp[4].u_PPUint/u_Inverse17/U18/Y (NOR2X1)
                                                        0.2340     4.9124 r
  u_PP_top/gen_PP_tmp[4].u_PPUint/u_Inverse17/U27/Y (INVX1)
                                                        0.1402     5.0526 f
  u_PP_top/gen_PP_tmp[4].u_PPUint/u_Inverse17/U26/Y (NOR2X1)
                                                        0.2339     5.2865 r
  u_PP_top/gen_PP_tmp[4].u_PPUint/u_Inverse17/U16/Y (INVX1)
                                                        0.1402     5.4267 f
  u_PP_top/gen_PP_tmp[4].u_PPUint/u_Inverse17/U19/Y (NOR2X1)
                                                        0.2339     5.6606 r
  u_PP_top/gen_PP_tmp[4].u_PPUint/u_Inverse17/U15/Y (INVX1)
                                                        0.1546     5.8152 f
  u_PP_top/gen_PP_tmp[4].u_PPUint/u_Inverse17/U14/Y (NOR2X2)
                                                        0.1485     5.9637 r
  u_PP_top/gen_PP_tmp[4].u_PPUint/u_Inverse17/U5/Y (INVX1)
                                                        0.1285     6.0921 f
  u_PP_top/gen_PP_tmp[4].u_PPUint/u_Inverse17/U13/Y (NOR2X2)
                                                        0.1451     6.2373 r
  u_PP_top/gen_PP_tmp[4].u_PPUint/u_Inverse17/U4/Y (INVX1)
                                                        0.1160     6.3533 f
  u_PP_top/gen_PP_tmp[4].u_PPUint/u_Inverse17/U25/Y (NOR2X1)
                                                        0.2297     6.5830 r
  u_PP_top/gen_PP_tmp[4].u_PPUint/u_Inverse17/U12/Y (INVX1)
                                                        0.1546     6.7376 f
  u_PP_top/gen_PP_tmp[4].u_PPUint/u_Inverse17/U44/Y (NOR2X2)
                                                        0.1485     6.8861 r
  u_PP_top/gen_PP_tmp[4].u_PPUint/u_Inverse17/U24/Y (INVX1)
                                                        0.1160     7.0021 f
  u_PP_top/gen_PP_tmp[4].u_PPUint/u_Inverse17/U23/Y (NOR2X1)
                                                        0.2297     7.2318 r
  u_PP_top/gen_PP_tmp[4].u_PPUint/u_Inverse17/U11/Y (INVX1)
                                                        0.1402     7.3720 f
  u_PP_top/gen_PP_tmp[4].u_PPUint/u_Inverse17/U22/Y (NOR2X1)
                                                        0.2339     7.6059 r
  u_PP_top/gen_PP_tmp[4].u_PPUint/u_Inverse17/U10/Y (INVX1)
                                                        0.1402     7.7461 f
  u_PP_top/gen_PP_tmp[4].u_PPUint/u_Inverse17/U21/Y (NOR2X1)
                                                        0.2339     7.9800 r
  u_PP_top/gen_PP_tmp[4].u_PPUint/u_Inverse17/U9/Y (INVX1)
                                                        0.1546     8.1346 f
  u_PP_top/gen_PP_tmp[4].u_PPUint/u_Inverse17/U45/Y (NOR2X2)
                                                        0.1485     8.2830 r
  u_PP_top/gen_PP_tmp[4].u_PPUint/u_Inverse17/U20/Y (INVX1)
                                                        0.1288     8.4118 f
  u_PP_top/gen_PP_tmp[4].u_PPUint/u_Inverse17/U8/Y (NOR2X2)
                                                        0.1563     8.5681 r
  u_PP_top/gen_PP_tmp[4].u_PPUint/u_Inverse17/U7/Y (INVX2)
                                                        0.0715     8.6396 f
  u_PP_top/gen_PP_tmp[4].u_PPUint/u_Inverse17/U2/Y (NOR2X1)
                                                        0.2367     8.8763 r
  u_PP_top/gen_PP_tmp[4].u_PPUint/u_Inverse17/U3/Y (XNOR2X1)
                                                        0.2725     9.1488 r
  u_PP_top/gen_PP_tmp[4].u_PPUint/u_Inverse17/out[16] (Inverse17_mydesign_3)
                                                        0.0000     9.1488 r
  u_PP_top/gen_PP_tmp[4].u_PPUint/U4/Y (OAI2BB2X1)      0.2207     9.3694 r
  u_PP_top/gen_PP_tmp[4].u_PPUint/PP[16] (PPUnit_mydesign_3)
                                                        0.0000     9.3694 r
  u_PP_top/gen_PP_tmp[4].u_Caculate/PP_sign_bit (CaculateE_mydesign_3)
                                                        0.0000     9.3694 r
  u_PP_top/gen_PP_tmp[4].u_Caculate/U2/Y (NAND2X1)      0.0909     9.4604 f
  u_PP_top/gen_PP_tmp[4].u_Caculate/E (CaculateE_mydesign_3)
                                                        0.0000     9.4604 f
  u_PP_top/PP4[25] (PP_top)                             0.0000     9.4604 f
  U335/Y (AND2X1)                                       0.1806     9.6410 f
  PP4_r_reg[25]/D (DFFHQXL)                             0.0000     9.6410 f
  data arrival time                                                9.6410

  clock clk (rise edge)                                10.0000    10.0000
  clock network delay (ideal)                           0.0000    10.0000
  clock uncertainty                                    -0.2000     9.8000
  PP4_r_reg[25]/CK (DFFHQXL)                            0.0000     9.8000 r
  library setup time                                   -0.1542     9.6458
  data required time                                               9.6458
  --------------------------------------------------------------------------
  data required time                                               9.6458
  data arrival time                                               -9.6410
  --------------------------------------------------------------------------
  slack (MET)                                                      0.0048


1
